02:28:36 **** Incremental Build of configuration Debug for project csitx_mipi_project ****
make all 
Building file: ../src/helloworld.c
Invoking: ARM v8 gcc compiler
aarch64-none-elf-gcc -Wall -O0 -g3 -c -fmessage-length=0 -MT"src/helloworld.o" -I/home/rouholla/myData/zynq_projects/Vitis_Projects/mipi_csi_tx_test/export/mipi_csi_tx_test/sw/mipi_csi_tx_test/standalone_domain/bspinclude/include -MMD -MP -MF"src/helloworld.d" -MT"src/helloworld.o" -o "src/helloworld.o" "../src/helloworld.c"
../src/helloworld.c: In function 'Csi2TxSs_IntrExample':
../src/helloworld.c:188:5: warning: unused variable 'Exit_Count' [-Wunused-variable]
  u8 Exit_Count = 0;
     ^~~~~~~~~~
Finished building: ../src/helloworld.c
 
Building target: csitx_mipi_project.elf
Invoking: ARM v8 gcc linker
aarch64-none-elf-gcc -Wl,-T -Wl,../src/lscript.ld -L/home/rouholla/myData/zynq_projects/Vitis_Projects/mipi_csi_tx_test/export/mipi_csi_tx_test/sw/mipi_csi_tx_test/standalone_domain/bsplib/lib -o "csitx_mipi_project.elf"  ./src/helloworld.o ./src/platform.o   -Wl,--start-group,-lxil,-lgcc,-lc,--end-group
Finished building target: csitx_mipi_project.elf
 
Invoking: ARM v8 Print Size
aarch64-none-elf-size csitx_mipi_project.elf  |tee "csitx_mipi_project.elf.size"
   text	   data	    bss	    dec	    hex	filename
  52660	   2712	  21160	  76532	  12af4	csitx_mipi_project.elf
Finished building: csitx_mipi_project.elf.size
 

02:28:37 Build Finished (took 566ms)

